[27024:15404:0616/081834.394:WARNING:chrome_main_delegate.cc(745)] This is Chrome version 128.0.6613.138 (not a warning)
[27024:6960:0616/081834.724:ERROR:google_update_settings.cc(265)] Failed opening key Software\Chromium to set usagestats; result: 5
[27024:15404:0616/081834.866:WARNING:account_consistency_mode_manager.cc(77)] Desktop Identity Consistency cannot be enabled as no OAuth client ID and client secret have been configured.
[27024:29224:0616/081843.262:ERROR:cert_verify_proc_builtin.cc(1063)] CertVerifyProcBuiltin for wpad failed:
----- Certificate i=0 (CN=self-signedKey,O=Sagemcom Ca,C=FR) -----
ERROR: No matching issuer found


[27024:29224:0616/081843.927:ERROR:cert_verify_proc_builtin.cc(1063)] CertVerifyProcBuiltin for wpad failed:
----- Certificate i=0 (CN=self-signedKey,O=Sagemcom Ca,C=FR) -----
ERROR: No matching issuer found


[30492:25380:0616/081843.927:ERROR:ssl_client_socket_impl.cc(882)] handshake failed; returned -1, SSL error code 1, net_error -202
[30492:25380:0616/081843.927:WARNING:pac_file_fetcher_impl.cc(267)] SSL certificate error when fetching PAC script, aborting.
[27024:29224:0616/081844.254:ERROR:cert_verify_proc_builtin.cc(1063)] CertVerifyProcBuiltin for wpad failed:
----- Certificate i=0 (CN=self-signedKey,O=Sagemcom Ca,C=FR) -----
ERROR: No matching issuer found


[30492:25380:0616/081844.254:ERROR:ssl_client_socket_impl.cc(882)] handshake failed; returned -1, SSL error code 1, net_error -202
[30492:25380:0616/081844.254:WARNING:pac_file_fetcher_impl.cc(267)] SSL certificate error when fetching PAC script, aborting.
[30492:25380:0616/081844.589:ERROR:ssl_client_socket_impl.cc(882)] handshake failed; returned -1, SSL error code 1, net_error -202
[30492:25380:0616/081844.590:WARNING:pac_file_fetcher_impl.cc(267)] SSL certificate error when fetching PAC script, aborting.
[27024:15404:0616/081845.265:ERROR:device_event_log_impl.cc(196)] [08:18:44.932] USB: usb_service_win.cc:105 SetupDiGetDeviceProperty({{A45C254E-DF1C-4EFD-8020-67D146A850E0}, 6}) failed: Element not found. (0x490)
[12940:28324:0616/081845.935:WARNING:frame_impl.cc(430)] virtual CefFrameImpl::SendProcessMessage sent to detached frame 5-182AA2C00B05DC9D494B2650B4F5349D will be ignored
[30492:25380:0616/081846.948:ERROR:ssl_client_socket_impl.cc(882)] handshake failed; returned -1, SSL error code 1, net_error -107
[30492:25380:0616/081847.606:ERROR:ssl_client_socket_impl.cc(882)] handshake failed; returned -1, SSL error code 1, net_error -107
[30492:25380:0616/081852.017:ERROR:ssl_client_socket_impl.cc(882)] handshake failed; returned -1, SSL error code 1, net_error -202
[30492:25380:0616/081852.017:WARNING:pac_file_fetcher_impl.cc(267)] SSL certificate error when fetching PAC script, aborting.
[30492:25380:0616/081852.520:ERROR:ssl_client_socket_impl.cc(882)] handshake failed; returned -1, SSL error code 1, net_error -202
[30492:25380:0616/081852.521:WARNING:pac_file_fetcher_impl.cc(267)] SSL certificate error when fetching PAC script, aborting.
[30492:25380:0616/081852.705:ERROR:ssl_client_socket_impl.cc(882)] handshake failed; returned -1, SSL error code 1, net_error -202
[30492:25380:0616/081852.705:WARNING:pac_file_fetcher_impl.cc(267)] SSL certificate error when fetching PAC script, aborting.
[30492:25380:0616/081856.258:ERROR:ssl_client_socket_impl.cc(882)] handshake failed; returned -1, SSL error code 1, net_error -100
[30492:25380:0616/081909.891:ERROR:ssl_client_socket_impl.cc(882)] handshake failed; returned -1, SSL error code 1, net_error -100
[30492:25380:0616/081942.746:ERROR:ssl_client_socket_impl.cc(882)] handshake failed; returned -1, SSL error code 1, net_error -202
[30492:25380:0616/081942.746:WARNING:pac_file_fetcher_impl.cc(267)] SSL certificate error when fetching PAC script, aborting.
[30492:25380:0616/082409.368:ERROR:ssl_client_socket_impl.cc(882)] handshake failed; returned -1, SSL error code 1, net_error -202
[30492:25380:0616/082409.368:WARNING:pac_file_fetcher_impl.cc(267)] SSL certificate error when fetching PAC script, aborting.
[27024:15404:0616/093314.805:ERROR:device_event_log_impl.cc(196)] [09:33:14.801] USB: usb_service_win.cc:105 SetupDiGetDeviceProperty({{A45C254E-DF1C-4EFD-8020-67D146A850E0}, 6}) failed: Element not found. (0x490)
